
PROGRAM "Z:\jmarks\repos\power_board_code\bin\Project.abs"

*********************************************************************************************
TARGET SECTION
---------------------------------------------------------------------------------------------
Processor   : Freescale HC08
Memory Model: SMALL
File Format : ELF\DWARF 2.0
Linker      : SmartLinker V-5.0.37 Build 9279, Oct  7 2009

*********************************************************************************************
FILE SECTION
---------------------------------------------------------------------------------------------
main.c.o                                Model: SMALL,         Lang: ANSI-C
RTSHC08.C.o (ansiis.lib)                Model: SMALL,         Lang: ANSI-C
MC9S08SH32.C.o                          Model: SMALL,         Lang: ANSI-C
Start08.c.o                             Model: SMALL,         Lang: ANSI-C
hardware.c.o                            Model: SMALL,         Lang: ANSI-C
globals.c.o                             Model: SMALL,         Lang: ANSI-C
sci.c.o                                 Model: SMALL,         Lang: ANSI-C
adc.c.o                                 Model: SMALL,         Lang: ANSI-C
spi.c.o                                 Model: SMALL,         Lang: ANSI-C
tpm.c.o                                 Model: SMALL,         Lang: ANSI-C

*********************************************************************************************
STARTUP SECTION
---------------------------------------------------------------------------------------------
Entry point: 0x807B (_Startup)
_startupData is allocated at 0x8084 and uses 6 Bytes
extern struct _tagStartup {
  unsigned nofZeroOut     1
  _Range   pZeroOut       0x100     40
  _Copy    *toCopyDownBeg 0x8C27
} _startupData;

*********************************************************************************************
SECTION-ALLOCATION SECTION
Section Name                    Size  Type     From       To       Segment
---------------------------------------------------------------------------------------------
.init                            132     R     0x8000     0x8083   ROM
.startData                        14     R     0x8084     0x8091   ROM
.rodata1                          23     R     0x8092     0x80A8   ROM
.text                           2942     R     0x80A9     0x8C26   ROM
.copy                              2     R     0x8C27     0x8C28   ROM
.abs_section_0                     1   N/I        0x0        0x0   .absSeg0
.abs_section_1                     1   N/I        0x1        0x1   .absSeg1
.abs_section_2                     1   N/I        0x2        0x2   .absSeg2
.abs_section_3                     1   N/I        0x3        0x3   .absSeg3
.abs_section_4                     1   N/I        0x4        0x4   .absSeg4
.abs_section_5                     1   N/I        0x5        0x5   .absSeg5
.abs_section_e                     1   N/I        0xE        0xE   .absSeg6
.abs_section_10                    1   N/I       0x10       0x10   .absSeg7
.abs_section_11                    1   N/I       0x11       0x11   .absSeg8
.abs_section_16                    1   N/I       0x16       0x16   .absSeg9
.abs_section_17                    1   N/I       0x17       0x17   .absSeg10
.abs_section_18                    1   N/I       0x18       0x18   .absSeg11
.abs_section_1a                    1   N/I       0x1A       0x1A   .absSeg12
.abs_section_1c                    1   N/I       0x1C       0x1C   .absSeg13
.abs_section_1d                    1   N/I       0x1D       0x1D   .absSeg14
.abs_section_1e                    1   N/I       0x1E       0x1E   .absSeg15
.abs_section_1f                    1   N/I       0x1F       0x1F   .absSeg16
.abs_section_20                    1   N/I       0x20       0x20   .absSeg17
.abs_section_25                    1   N/I       0x25       0x25   .absSeg18
.abs_section_28                    1   N/I       0x28       0x28   .absSeg19
.abs_section_3a                    1   N/I       0x3A       0x3A   .absSeg20
.abs_section_3b                    1   N/I       0x3B       0x3B   .absSeg21
.abs_section_3c                    1   N/I       0x3C       0x3C   .absSeg22
.abs_section_3d                    1   N/I       0x3D       0x3D   .absSeg23
.abs_section_3e                    1   N/I       0x3E       0x3E   .absSeg24
.abs_section_3f                    1   N/I       0x3F       0x3F   .absSeg25
.abs_section_48                    1   N/I       0x48       0x48   .absSeg26
.abs_section_49                    1   N/I       0x49       0x49   .absSeg27
.abs_section_4a                    1   N/I       0x4A       0x4A   .absSeg28
.abs_section_4b                    1   N/I       0x4B       0x4B   .absSeg29
.abs_section_50                    1   N/I       0x50       0x50   .absSeg30
.abs_section_51                    1   N/I       0x51       0x51   .absSeg31
.abs_section_52                    1   N/I       0x52       0x52   .absSeg32
.abs_section_53                    1   N/I       0x53       0x53   .absSeg33
.abs_section_55                    1   N/I       0x55       0x55   .absSeg34
.abs_section_58                    1   N/I       0x58       0x58   .absSeg35
.abs_section_59                    1   N/I       0x59       0x59   .absSeg36
.abs_section_5a                    1   N/I       0x5A       0x5A   .absSeg37
.abs_section_5b                    1   N/I       0x5B       0x5B   .absSeg38
.abs_section_5c                    1   N/I       0x5C       0x5C   .absSeg39
.abs_section_5d                    1   N/I       0x5D       0x5D   .absSeg40
.abs_section_60                    1   N/I       0x60       0x60   .absSeg41
.abs_section_65                    1   N/I       0x65       0x65   .absSeg42
.abs_section_68                    1   N/I       0x68       0x68   .absSeg43
.abs_section_6c                    1   N/I       0x6C       0x6C   .absSeg44
.abs_section_6d                    1   N/I       0x6D       0x6D   .absSeg45
.abs_section_6e                    1   N/I       0x6E       0x6E   .absSeg46
.abs_section_1800                  1   N/I     0x1800     0x1800   .absSeg47
.abs_section_1801                  1   N/I     0x1801     0x1801   .absSeg48
.abs_section_1802                  1   N/I     0x1802     0x1802   .absSeg49
.abs_section_1803                  1   N/I     0x1803     0x1803   .absSeg50
.abs_section_1809                  1   N/I     0x1809     0x1809   .absSeg51
.abs_section_180a                  1   N/I     0x180A     0x180A   .absSeg52
.abs_section_1816                  1   N/I     0x1816     0x1816   .absSeg53
.abs_section_1817                  1   N/I     0x1817     0x1817   .absSeg54
.abs_section_1818                  1   N/I     0x1818     0x1818   .absSeg55
.abs_section_1820                  1   N/I     0x1820     0x1820   .absSeg56
.abs_section_1821                  1   N/I     0x1821     0x1821   .absSeg57
.abs_section_1823                  1   N/I     0x1823     0x1823   .absSeg58
.abs_section_1824                  1   N/I     0x1824     0x1824   .absSeg59
.abs_section_1825                  1   N/I     0x1825     0x1825   .absSeg60
.abs_section_1826                  1   N/I     0x1826     0x1826   .absSeg61
.abs_section_1840                  1   N/I     0x1840     0x1840   .absSeg62
.abs_section_1841                  1   N/I     0x1841     0x1841   .absSeg63
.abs_section_1842                  1   N/I     0x1842     0x1842   .absSeg64
.abs_section_1844                  1   N/I     0x1844     0x1844   .absSeg65
.abs_section_1845                  1   N/I     0x1845     0x1845   .absSeg66
.abs_section_1846                  1   N/I     0x1846     0x1846   .absSeg67
.abs_section_1848                  1   N/I     0x1848     0x1848   .absSeg68
.abs_section_1849                  1   N/I     0x1849     0x1849   .absSeg69
.abs_section_184a                  1   N/I     0x184A     0x184A   .absSeg70
.abs_section_184c                  1   N/I     0x184C     0x184C   .absSeg71
.abs_section_184d                  1   N/I     0x184D     0x184D   .absSeg72
.abs_section_184e                  1   N/I     0x184E     0x184E   .absSeg73
.abs_section_1850                  1   N/I     0x1850     0x1850   .absSeg74
.abs_section_1851                  1   N/I     0x1851     0x1851   .absSeg75
.abs_section_1852                  1   N/I     0x1852     0x1852   .absSeg76
.abs_section_1853                  1   N/I     0x1853     0x1853   .absSeg77
.abs_section_12                    2   N/I       0x12       0x13   .absSeg78
.abs_section_14                    2   N/I       0x14       0x15   .absSeg79
.abs_section_21                    2   N/I       0x21       0x22   .absSeg80
.abs_section_23                    2   N/I       0x23       0x24   .absSeg81
.abs_section_26                    2   N/I       0x26       0x27   .absSeg82
.abs_section_29                    2   N/I       0x29       0x2A   .absSeg83
.abs_section_38                    2   N/I       0x38       0x39   .absSeg84
.abs_section_61                    2   N/I       0x61       0x62   .absSeg85
.abs_section_63                    2   N/I       0x63       0x64   .absSeg86
.abs_section_66                    2   N/I       0x66       0x67   .absSeg87
.abs_section_69                    2   N/I       0x69       0x6A   .absSeg88
.abs_section_1806                  2   N/I     0x1806     0x1807   .absSeg89
.abs_section_1810                  2   N/I     0x1810     0x1811   .absSeg90
.abs_section_1812                  2   N/I     0x1812     0x1813   .absSeg91
.abs_section_1814                  2   N/I     0x1814     0x1815   .absSeg92
.abs_section_ffd0                  2     R     0xFFD0     0xFFD1   .absSeg93
.abs_section_ffe8                  2     R     0xFFE8     0xFFE9   .absSeg94
.abs_section_fff4                  2     R     0xFFF4     0xFFF5   .absSeg95
.abs_section_fff2                  2     R     0xFFF2     0xFFF3   .absSeg96
.abs_section_ffe2                  2     R     0xFFE2     0xFFE3   .absSeg97
.abs_section_ffe6                  2     R     0xFFE6     0xFFE7   .absSeg98
.abs_section_ffe4                  2     R     0xFFE4     0xFFE5   .absSeg99
.bss                               1   R/W      0x100      0x100   RAM
.common                           39   R/W      0x101      0x127   RAM
.stack                           128   R/W      0x128      0x1A7   RAM
.vectSeg100_vect                   2     R     0xFFFE     0xFFFF   .vectSeg100

Summary of section sizes per section type:
READ_ONLY (R):         C39 (dec:     3129)
READ_WRITE (R/W):       A8 (dec:      168)
NO_INIT (N/I):          6C (dec:      108)

*********************************************************************************************
VECTOR-ALLOCATION SECTION
    Address     InitValue   InitFunction
---------------------------------------------------------------------------------------------
     0xFFFE        0x807B   _Startup

*********************************************************************************************
OBJECT-ALLOCATION SECTION
     Name               Module                 Addr   hSize   dSize     Ref    Section   RLIB
---------------------------------------------------------------------------------------------
MODULE:                 -- main.c.o --
- PROCEDURES:
     init                                      80A9      1C      28       1   .text       
     set_rpi_relay                             80C5      2E      46       4   .text       
     set_aero_relay                            80F3      2E      46       5   .text       
     update_system_state                       8121      90     144       2   .text       
     wait                                      81B1      37      55       2   .text       
     calc_uC_temp                              81E8      CC     204       3   .text       
     ipow                                      82B4      40      64      18   .text       
     max31855_thc_to_number                    82F4      CE     206       1   .text       
     max31855_ref_to_number                    83C2     19F     415       7   .text       
     max31855_temperature                      8561      C1     193       1   .text       
     get_uC_temp                               8622      28      40       1   .text       
     main                                      864A      3C      60       1   .text       
- VARIABLES:
     STRING.THC.2                              8092       4       4       1   .rodata1    
     STRING.FTS.3                              8096       4       4       1   .rodata1    
     STRING.SCV.4                              809A       4       4       1   .rodata1    
     STRING.SCG.5                              809E       4       4       1   .rodata1    
     STRING.OC.6                               80A2       3       3       1   .rodata1    
     STRING.UCT.7                              80A5       4       4       1   .rodata1    
     STATE                                      101       A      10      15   .common     
     average_temp                               10B       2       2       8   .common     
     average_bandgap                            10D       2       2       3   .common     
     sum_temp                                   10F       4       4       4   .common     
     sum_bandgap                                113       4       4       4   .common     
     temperature                                117       2       2       5   .common     
     reference_temp                             119       2       2       6   .common     
     supply_voltage                             11B       2       2       4   .common     
     timeout                                    11D       2       2       6   .common     
     m_slope                                    11F       2       2       2   .common     
     g_aero_hot_flag                            121       1       1       4   .common     
     thermocouple_temp                          122       2       2       4   .common     
     uc_temp                                    124       2       2       7   .common     
     temperature_count                          126       2       2       4   .common     
MODULE:                 -- RTSHC08.C.o (ansiis.lib) --
- PROCEDURES:
     _PUSH_ARGS_L                              8686      20      32       2   .text       
     _ENTER_UNARY_L                            86A6      29      41       1   .text       
     _ENTER_BINARY_L                           86CF      16      22       3   .text       
     _ENTER_BINARY_L_RC                        86E5      19      25       1   .text       
     _IDIVMOD                                  86FE      69     105       1   .text       
     _SPLITSIGN                                8767      1C      28       1   .text       
     _LADD_k_is_k_plus_j                       8783      1F      31       1   .text       
     _LSUB_k_is_k_minus_j                      87A2      1F      31       1   .text       
     _LAND_k_is_k_and_j                        87C1      1F      31       1   .text       
     _LOR_k_is_k_or_j                          87E0      1F      31       1   .text       
     _IMUL_STAR08                              87FF      27      39      10   .text       
     _IDIVS_STAR08                             8826      1B      27       2   .text       
     _ILSR                                     8841       C      12       4   .text       
     _LADD                                     884D       6       6       2   .text       
     _LSUB                                     8853       6       6       2   .text       
     _LAND_RC                                  8859       6       6       1   .text       
     _LOR                                      885F       6       6       3   .text       
     _LLSL                                     8865      16      22       3   .text       
     _COPY                                     887B      30      48       1   .text       
     _POP32                                    88AB      1A      26       3   .text       
     _SEXT16_32                                88C5       D      13       2   .text       
     _Search_Table_8_Offset                    88D2      25      37       1   .text       
- VARIABLES:
MODULE:                 -- MC9S08SH32.C.o --
- PROCEDURES:
- VARIABLES:
     _PTAD                                        0       1       1       2   .abs_section_0
     _PTADD                                       1       1       1       4   .abs_section_1
     _PTBD                                        2       1       1       7   .abs_section_2
     _PTBDD                                       3       1       1       3   .abs_section_3
     _PTCD                                        4       1       1      14   .abs_section_4
     _PTCDD                                       5       1       1       5   .abs_section_5
     _ACMPSC                                      E       1       1       0   .abs_section_e
     _ADCSC1                                     10       1       1       7   .abs_section_10
     _ADCSC2                                     11       1       1       2   .abs_section_11
     _ADCCFG                                     16       1       1       1   .abs_section_16
     _APCTL1                                     17       1       1       1   .abs_section_17
     _APCTL2                                     18       1       1       1   .abs_section_18
     _IRQSC                                      1A       1       1       0   .abs_section_1a
     _MTIMSC                                     1C       1       1       0   .abs_section_1c
     _MTIMCLK                                    1D       1       1       0   .abs_section_1d
     _MTIMCNT                                    1E       1       1       0   .abs_section_1e
     _MTIMMOD                                    1F       1       1       0   .abs_section_1f
     _TPM1SC                                     20       1       1       2   .abs_section_20
     _TPM1C0SC                                   25       1       1       2   .abs_section_25
     _TPM1C1SC                                   28       1       1       2   .abs_section_28
     _SCIC1                                      3A       1       1       1   .abs_section_3a
     _SCIC2                                      3B       1       1       1   .abs_section_3b
     _SCIS1                                      3C       1       1       1   .abs_section_3c
     _SCIS2                                      3D       1       1       0   .abs_section_3d
     _SCIC3                                      3E       1       1       0   .abs_section_3e
     _SCID                                       3F       1       1       1   .abs_section_3f
     _ICSC1                                      48       1       1       7   .abs_section_48
     _ICSC2                                      49       1       1       8   .abs_section_49
     _ICSTRM                                     4A       1       1       0   .abs_section_4a
     _ICSSC                                      4B       1       1       0   .abs_section_4b
     _SPIC1                                      50       1       1       1   .abs_section_50
     _SPIC2                                      51       1       1       1   .abs_section_51
     _SPIBR                                      52       1       1       1   .abs_section_52
     _SPIS                                       53       1       1       3   .abs_section_53
     _SPID                                       55       1       1       2   .abs_section_55
     _IICA                                       58       1       1       0   .abs_section_58
     _IICF                                       59       1       1       0   .abs_section_59
     _IICC1                                      5A       1       1       0   .abs_section_5a
     _IICS                                       5B       1       1       0   .abs_section_5b
     _IICD                                       5C       1       1       0   .abs_section_5c
     _IICC2                                      5D       1       1       0   .abs_section_5d
     _TPM2SC                                     60       1       1       2   .abs_section_60
     _TPM2C0SC                                   65       1       1       2   .abs_section_65
     _TPM2C1SC                                   68       1       1       2   .abs_section_68
     _RTCSC                                      6C       1       1       0   .abs_section_6c
     _RTCCNT                                     6D       1       1       0   .abs_section_6d
     _RTCMOD                                     6E       1       1       0   .abs_section_6e
     _SRS                                      1800       1       1       2   .abs_section_1800
     _SBDFR                                    1801       1       1       0   .abs_section_1801
     _SOPT1                                    1802       1       1       0   .abs_section_1802
     _SOPT2                                    1803       1       1       2   .abs_section_1803
     _SPMSC1                                   1809       1       1       1   .abs_section_1809
     _SPMSC2                                   180A       1       1       0   .abs_section_180a
     _DBGC                                     1816       1       1       0   .abs_section_1816
     _DBGT                                     1817       1       1       0   .abs_section_1817
     _DBGS                                     1818       1       1       0   .abs_section_1818
     _FCDIV                                    1820       1       1       0   .abs_section_1820
     _FOPT                                     1821       1       1       0   .abs_section_1821
     _FCNFG                                    1823       1       1       0   .abs_section_1823
     _FPROT                                    1824       1       1       0   .abs_section_1824
     _FSTAT                                    1825       1       1       0   .abs_section_1825
     _FCMD                                     1826       1       1       0   .abs_section_1826
     _PTAPE                                    1840       1       1       8   .abs_section_1840
     _PTASE                                    1841       1       1       0   .abs_section_1841
     _PTADS                                    1842       1       1       0   .abs_section_1842
     _PTASC                                    1844       1       1       0   .abs_section_1844
     _PTAPS                                    1845       1       1       0   .abs_section_1845
     _PTAES                                    1846       1       1       0   .abs_section_1846
     _PTBPE                                    1848       1       1       1   .abs_section_1848
     _PTBSE                                    1849       1       1       0   .abs_section_1849
     _PTBDS                                    184A       1       1       0   .abs_section_184a
     _PTBSC                                    184C       1       1       0   .abs_section_184c
     _PTBPS                                    184D       1       1       0   .abs_section_184d
     _PTBES                                    184E       1       1       0   .abs_section_184e
     _PTCPE                                    1850       1       1       1   .abs_section_1850
     _PTCSE                                    1851       1       1       0   .abs_section_1851
     _PTCDS                                    1852       1       1       0   .abs_section_1852
     _GNGC                                     1853       1       1       0   .abs_section_1853
     _ADCR                                       12       2       2       3   .abs_section_12
     _ADCCV                                      14       2       2       0   .abs_section_14
     _TPM1CNT                                    21       2       2       0   .abs_section_21
     _TPM1MOD                                    23       2       2       1   .abs_section_23
     _TPM1C0V                                    26       2       2       1   .abs_section_26
     _TPM1C1V                                    29       2       2       1   .abs_section_29
     _SCIBD                                      38       2       2       2   .abs_section_38
     _TPM2CNT                                    61       2       2       0   .abs_section_61
     _TPM2MOD                                    63       2       2       1   .abs_section_63
     _TPM2C0V                                    66       2       2       3   .abs_section_66
     _TPM2C1V                                    69       2       2       3   .abs_section_69
     _SDID                                     1806       2       2       0   .abs_section_1806
     _DBGCA                                    1810       2       2       0   .abs_section_1810
     _DBGCB                                    1812       2       2       0   .abs_section_1812
     _DBGF                                     1814       2       2       0   .abs_section_1814
MODULE:                 -- Start08.c.o --
- PROCEDURES:
     loadByte                                  8000       E      14       5   .init       
     Init                                      800E      6D     109       1   .init       
     _Startup                                  807B       9       9       0   .init       
- VARIABLES:
     _startupData                              8084       6       6       4   .startData  
- LABELS:
     __SEG_END_SSTACK                           1A8       0       0       1               
MODULE:                 -- hardware.c.o --
- PROCEDURES:
     init_ports                                88F7      5F      95       1   .text       
     init_bus_speed                            8956      25      37       1   .text       
- VARIABLES:
MODULE:                 -- globals.c.o --
- PROCEDURES:
     init_global_vars                          897B      15      21       1   .text       
- VARIABLES:
MODULE:                 -- sci.c.o --
- PROCEDURES:
     init_SCI                                  8990       B      11       1   .text       
     SCI_send_byte                             899B       A      10       7   .text       
     nibble2asc                                89A5       A      10       1   .text       
     printhexbyte                              89AF      10      16       2   .text       
     printhexword_negative                     89BF      16      22       2   .text       
     printhexword                              89D5       E      14       3   .text       
     prints                                    89E3      1A      26       6   .text       
- VARIABLES:
MODULE:                 -- adc.c.o --
- PROCEDURES:
     init_ADC                                  89FD      12      18       1   .text       
     ConvertATD                                8A0F       B      11       2   .text       
     adc_isr                                   8A1A      76     118       1   .text       
- VARIABLES:
     adc_seq.1                                  100       1       1       3   .bss        
     _Vector_23                                FFD0       2       2       0   .abs_section_ffd0
MODULE:                 -- spi.c.o --
- PROCEDURES:
     init_SPI                                  8A90       B      11       1   .text       
     SPI_transcieve_byte                       8A9B      11      17       1   .text       
     SPI_read_MAX31855                         8AAC      A1     161       1   .text       
- VARIABLES:
MODULE:                 -- tpm.c.o --
- PROCEDURES:
     init_TPM2                                 8B4D      1E      30       1   .text       
     init_TPM1                                 8B6B      1E      30       1   .text       
     tpm1_overflow_isr                         8B89      66     102       1   .text       
     tpm1_channel0_isr                         8BEF       5       5       1   .text       
     tpm1_channel1_isr                         8BF4       5       5       1   .text       
     tpm2_overflow_isr                         8BF9      24      36       1   .text       
     tpm2_channel0_isr                         8C1D       5       5       1   .text       
     tpm2_channel1_isr                         8C22       5       5       1   .text       
- VARIABLES:
     _Vector_11                                FFE8       2       2       0   .abs_section_ffe8
     _Vector_5                                 FFF4       2       2       0   .abs_section_fff4
     _Vector_6                                 FFF2       2       2       0   .abs_section_fff2
     _Vector_14                                FFE2       2       2       0   .abs_section_ffe2
     _Vector_12                                FFE6       2       2       0   .abs_section_ffe6
     _Vector_13                                FFE4       2       2       0   .abs_section_ffe4

*********************************************************************************************
MODULE STATISTIC
  Name                                      Data   Code  Const
---------------------------------------------------------------------------------------------
  main.c.o                                    39   1501     23
  RTSHC08.C.o (ansiis.lib)                     0    625      0
  MC9S08SH32.C.o                             108      0      0
  Start08.c.o                                  0    132      0
  hardware.c.o                                 0    132      0
  globals.c.o                                  0     21      0
  sci.c.o                                      0    109      0
  adc.c.o                                      1    147      2
  spi.c.o                                      0    189      0
  tpm.c.o                                      0    218     12
  other                                      128     16      2

*********************************************************************************************
SECTION USE IN OBJECT-ALLOCATION SECTION
---------------------------------------------------------------------------------------------
SECTION: ".text"
  init set_rpi_relay set_aero_relay update_system_state wait calc_uC_temp ipow 
  max31855_thc_to_number max31855_ref_to_number max31855_temperature 
  get_uC_temp main _PUSH_ARGS_L _ENTER_UNARY_L _ENTER_BINARY_L 
  _ENTER_BINARY_L_RC _IDIVMOD _SPLITSIGN _LADD_k_is_k_plus_j 
  _LSUB_k_is_k_minus_j _LAND_k_is_k_and_j _LOR_k_is_k_or_j _IMUL_STAR08 
  _IDIVS_STAR08 _ILSR _LADD _LSUB _LAND_RC _LOR _LLSL _COPY _POP32 _SEXT16_32 
  _Search_Table_8_Offset init_ports init_bus_speed init_global_vars init_SCI 
  SCI_send_byte nibble2asc printhexbyte printhexword_negative printhexword 
  prints init_ADC ConvertATD adc_isr init_SPI SPI_transcieve_byte 
  SPI_read_MAX31855 init_TPM2 init_TPM1 tpm1_overflow_isr tpm1_channel0_isr 
  tpm1_channel1_isr tpm2_overflow_isr tpm2_channel0_isr tpm2_channel1_isr 
SECTION: ".bss"
  adc_seq.1 
SECTION: ".init"
  loadByte Init _Startup 
SECTION: ".rodata1"
  STRING.THC.2 STRING.FTS.3 STRING.SCV.4 STRING.SCG.5 STRING.OC.6 STRING.UCT.7 
SECTION: ".common"
  STATE average_temp average_bandgap sum_temp sum_bandgap temperature 
  reference_temp supply_voltage timeout m_slope g_aero_hot_flag 
  thermocouple_temp uc_temp temperature_count 
SECTION: ".abs_section_0"
  _PTAD 
SECTION: ".abs_section_1"
  _PTADD 
SECTION: ".abs_section_2"
  _PTBD 
SECTION: ".abs_section_3"
  _PTBDD 
SECTION: ".abs_section_4"
  _PTCD 
SECTION: ".abs_section_5"
  _PTCDD 
SECTION: ".abs_section_e"
  _ACMPSC 
SECTION: ".abs_section_10"
  _ADCSC1 
SECTION: ".abs_section_11"
  _ADCSC2 
SECTION: ".abs_section_16"
  _ADCCFG 
SECTION: ".abs_section_17"
  _APCTL1 
SECTION: ".abs_section_18"
  _APCTL2 
SECTION: ".abs_section_1a"
  _IRQSC 
SECTION: ".abs_section_1c"
  _MTIMSC 
SECTION: ".abs_section_1d"
  _MTIMCLK 
SECTION: ".abs_section_1e"
  _MTIMCNT 
SECTION: ".abs_section_1f"
  _MTIMMOD 
SECTION: ".abs_section_20"
  _TPM1SC 
SECTION: ".abs_section_25"
  _TPM1C0SC 
SECTION: ".abs_section_28"
  _TPM1C1SC 
SECTION: ".abs_section_3a"
  _SCIC1 
SECTION: ".abs_section_3b"
  _SCIC2 
SECTION: ".abs_section_3c"
  _SCIS1 
SECTION: ".abs_section_3d"
  _SCIS2 
SECTION: ".abs_section_3e"
  _SCIC3 
SECTION: ".abs_section_3f"
  _SCID 
SECTION: ".abs_section_48"
  _ICSC1 
SECTION: ".abs_section_49"
  _ICSC2 
SECTION: ".abs_section_4a"
  _ICSTRM 
SECTION: ".abs_section_4b"
  _ICSSC 
SECTION: ".abs_section_50"
  _SPIC1 
SECTION: ".abs_section_51"
  _SPIC2 
SECTION: ".abs_section_52"
  _SPIBR 
SECTION: ".abs_section_53"
  _SPIS 
SECTION: ".abs_section_55"
  _SPID 
SECTION: ".abs_section_58"
  _IICA 
SECTION: ".abs_section_59"
  _IICF 
SECTION: ".abs_section_5a"
  _IICC1 
SECTION: ".abs_section_5b"
  _IICS 
SECTION: ".abs_section_5c"
  _IICD 
SECTION: ".abs_section_5d"
  _IICC2 
SECTION: ".abs_section_60"
  _TPM2SC 
SECTION: ".abs_section_65"
  _TPM2C0SC 
SECTION: ".abs_section_68"
  _TPM2C1SC 
SECTION: ".abs_section_6c"
  _RTCSC 
SECTION: ".abs_section_6d"
  _RTCCNT 
SECTION: ".abs_section_6e"
  _RTCMOD 
SECTION: ".abs_section_1800"
  _SRS 
SECTION: ".abs_section_1801"
  _SBDFR 
SECTION: ".abs_section_1802"
  _SOPT1 
SECTION: ".abs_section_1803"
  _SOPT2 
SECTION: ".abs_section_1809"
  _SPMSC1 
SECTION: ".abs_section_180a"
  _SPMSC2 
SECTION: ".abs_section_1816"
  _DBGC 
SECTION: ".abs_section_1817"
  _DBGT 
SECTION: ".abs_section_1818"
  _DBGS 
SECTION: ".abs_section_1820"
  _FCDIV 
SECTION: ".abs_section_1821"
  _FOPT 
SECTION: ".abs_section_1823"
  _FCNFG 
SECTION: ".abs_section_1824"
  _FPROT 
SECTION: ".abs_section_1825"
  _FSTAT 
SECTION: ".abs_section_1826"
  _FCMD 
SECTION: ".abs_section_1840"
  _PTAPE 
SECTION: ".abs_section_1841"
  _PTASE 
SECTION: ".abs_section_1842"
  _PTADS 
SECTION: ".abs_section_1844"
  _PTASC 
SECTION: ".abs_section_1845"
  _PTAPS 
SECTION: ".abs_section_1846"
  _PTAES 
SECTION: ".abs_section_1848"
  _PTBPE 
SECTION: ".abs_section_1849"
  _PTBSE 
SECTION: ".abs_section_184a"
  _PTBDS 
SECTION: ".abs_section_184c"
  _PTBSC 
SECTION: ".abs_section_184d"
  _PTBPS 
SECTION: ".abs_section_184e"
  _PTBES 
SECTION: ".abs_section_1850"
  _PTCPE 
SECTION: ".abs_section_1851"
  _PTCSE 
SECTION: ".abs_section_1852"
  _PTCDS 
SECTION: ".abs_section_1853"
  _GNGC 
SECTION: ".abs_section_12"
  _ADCR 
SECTION: ".abs_section_14"
  _ADCCV 
SECTION: ".abs_section_21"
  _TPM1CNT 
SECTION: ".abs_section_23"
  _TPM1MOD 
SECTION: ".abs_section_26"
  _TPM1C0V 
SECTION: ".abs_section_29"
  _TPM1C1V 
SECTION: ".abs_section_38"
  _SCIBD 
SECTION: ".abs_section_61"
  _TPM2CNT 
SECTION: ".abs_section_63"
  _TPM2MOD 
SECTION: ".abs_section_66"
  _TPM2C0V 
SECTION: ".abs_section_69"
  _TPM2C1V 
SECTION: ".abs_section_1806"
  _SDID 
SECTION: ".abs_section_1810"
  _DBGCA 
SECTION: ".abs_section_1812"
  _DBGCB 
SECTION: ".abs_section_1814"
  _DBGF 
SECTION: ".abs_section_ffd0"
  _Vector_23 
SECTION: ".abs_section_ffe8"
  _Vector_11 
SECTION: ".abs_section_fff4"
  _Vector_5 
SECTION: ".abs_section_fff2"
  _Vector_6 
SECTION: ".abs_section_ffe2"
  _Vector_14 
SECTION: ".abs_section_ffe6"
  _Vector_12 
SECTION: ".abs_section_ffe4"
  _Vector_13 

*********************************************************************************************
OBJECT LIST SORTED BY ADDRESS
     Name                                      Addr   hSize   dSize     Ref    Section   RLIB
---------------------------------------------------------------------------------------------
     _PTAD                                        0       1       1       2   .abs_section_0
     _PTADD                                       1       1       1       4   .abs_section_1
     _PTBD                                        2       1       1       7   .abs_section_2
     _PTBDD                                       3       1       1       3   .abs_section_3
     _PTCD                                        4       1       1      14   .abs_section_4
     _PTCDD                                       5       1       1       5   .abs_section_5
     _ACMPSC                                      E       1       1       0   .abs_section_e
     _ADCSC1                                     10       1       1       7   .abs_section_10
     _ADCSC2                                     11       1       1       2   .abs_section_11
     _ADCR                                       12       2       2       3   .abs_section_12
     _ADCCV                                      14       2       2       0   .abs_section_14
     _ADCCFG                                     16       1       1       1   .abs_section_16
     _APCTL1                                     17       1       1       1   .abs_section_17
     _APCTL2                                     18       1       1       1   .abs_section_18
     _IRQSC                                      1A       1       1       0   .abs_section_1a
     _MTIMSC                                     1C       1       1       0   .abs_section_1c
     _MTIMCLK                                    1D       1       1       0   .abs_section_1d
     _MTIMCNT                                    1E       1       1       0   .abs_section_1e
     _MTIMMOD                                    1F       1       1       0   .abs_section_1f
     _TPM1SC                                     20       1       1       2   .abs_section_20
     _TPM1CNT                                    21       2       2       0   .abs_section_21
     _TPM1MOD                                    23       2       2       1   .abs_section_23
     _TPM1C0SC                                   25       1       1       2   .abs_section_25
     _TPM1C0V                                    26       2       2       1   .abs_section_26
     _TPM1C1SC                                   28       1       1       2   .abs_section_28
     _TPM1C1V                                    29       2       2       1   .abs_section_29
     _SCIBD                                      38       2       2       2   .abs_section_38
     _SCIC1                                      3A       1       1       1   .abs_section_3a
     _SCIC2                                      3B       1       1       1   .abs_section_3b
     _SCIS1                                      3C       1       1       1   .abs_section_3c
     _SCIS2                                      3D       1       1       0   .abs_section_3d
     _SCIC3                                      3E       1       1       0   .abs_section_3e
     _SCID                                       3F       1       1       1   .abs_section_3f
     _ICSC1                                      48       1       1       7   .abs_section_48
     _ICSC2                                      49       1       1       8   .abs_section_49
     _ICSTRM                                     4A       1       1       0   .abs_section_4a
     _ICSSC                                      4B       1       1       0   .abs_section_4b
     _SPIC1                                      50       1       1       1   .abs_section_50
     _SPIC2                                      51       1       1       1   .abs_section_51
     _SPIBR                                      52       1       1       1   .abs_section_52
     _SPIS                                       53       1       1       3   .abs_section_53
     _SPID                                       55       1       1       2   .abs_section_55
     _IICA                                       58       1       1       0   .abs_section_58
     _IICF                                       59       1       1       0   .abs_section_59
     _IICC1                                      5A       1       1       0   .abs_section_5a
     _IICS                                       5B       1       1       0   .abs_section_5b
     _IICD                                       5C       1       1       0   .abs_section_5c
     _IICC2                                      5D       1       1       0   .abs_section_5d
     _TPM2SC                                     60       1       1       2   .abs_section_60
     _TPM2CNT                                    61       2       2       0   .abs_section_61
     _TPM2MOD                                    63       2       2       1   .abs_section_63
     _TPM2C0SC                                   65       1       1       2   .abs_section_65
     _TPM2C0V                                    66       2       2       3   .abs_section_66
     _TPM2C1SC                                   68       1       1       2   .abs_section_68
     _TPM2C1V                                    69       2       2       3   .abs_section_69
     _RTCSC                                      6C       1       1       0   .abs_section_6c
     _RTCCNT                                     6D       1       1       0   .abs_section_6d
     _RTCMOD                                     6E       1       1       0   .abs_section_6e
     adc_seq.1                                  100       1       1       3   .bss        
     STATE                                      101       A      10      15   .common     
     average_temp                               10B       2       2       8   .common     
     average_bandgap                            10D       2       2       3   .common     
     sum_temp                                   10F       4       4       4   .common     
     sum_bandgap                                113       4       4       4   .common     
     temperature                                117       2       2       5   .common     
     reference_temp                             119       2       2       6   .common     
     supply_voltage                             11B       2       2       4   .common     
     timeout                                    11D       2       2       6   .common     
     m_slope                                    11F       2       2       2   .common     
     g_aero_hot_flag                            121       1       1       4   .common     
     thermocouple_temp                          122       2       2       4   .common     
     uc_temp                                    124       2       2       7   .common     
     temperature_count                          126       2       2       4   .common     
     _SRS                                      1800       1       1       2   .abs_section_1800
     _SBDFR                                    1801       1       1       0   .abs_section_1801
     _SOPT1                                    1802       1       1       0   .abs_section_1802
     _SOPT2                                    1803       1       1       2   .abs_section_1803
     _SDID                                     1806       2       2       0   .abs_section_1806
     _SPMSC1                                   1809       1       1       1   .abs_section_1809
     _SPMSC2                                   180A       1       1       0   .abs_section_180a
     _DBGCA                                    1810       2       2       0   .abs_section_1810
     _DBGCB                                    1812       2       2       0   .abs_section_1812
     _DBGF                                     1814       2       2       0   .abs_section_1814
     _DBGC                                     1816       1       1       0   .abs_section_1816
     _DBGT                                     1817       1       1       0   .abs_section_1817
     _DBGS                                     1818       1       1       0   .abs_section_1818
     _FCDIV                                    1820       1       1       0   .abs_section_1820
     _FOPT                                     1821       1       1       0   .abs_section_1821
     _FCNFG                                    1823       1       1       0   .abs_section_1823
     _FPROT                                    1824       1       1       0   .abs_section_1824
     _FSTAT                                    1825       1       1       0   .abs_section_1825
     _FCMD                                     1826       1       1       0   .abs_section_1826
     _PTAPE                                    1840       1       1       8   .abs_section_1840
     _PTASE                                    1841       1       1       0   .abs_section_1841
     _PTADS                                    1842       1       1       0   .abs_section_1842
     _PTASC                                    1844       1       1       0   .abs_section_1844
     _PTAPS                                    1845       1       1       0   .abs_section_1845
     _PTAES                                    1846       1       1       0   .abs_section_1846
     _PTBPE                                    1848       1       1       1   .abs_section_1848
     _PTBSE                                    1849       1       1       0   .abs_section_1849
     _PTBDS                                    184A       1       1       0   .abs_section_184a
     _PTBSC                                    184C       1       1       0   .abs_section_184c
     _PTBPS                                    184D       1       1       0   .abs_section_184d
     _PTBES                                    184E       1       1       0   .abs_section_184e
     _PTCPE                                    1850       1       1       1   .abs_section_1850
     _PTCSE                                    1851       1       1       0   .abs_section_1851
     _PTCDS                                    1852       1       1       0   .abs_section_1852
     _GNGC                                     1853       1       1       0   .abs_section_1853
     loadByte                                  8000       E      14       5   .init       
     Init                                      800E      6D     109       1   .init       
     _Startup                                  807B       9       9       0   .init       
     STRING.THC.2                              8092       4       4       1   .rodata1    
     STRING.FTS.3                              8096       4       4       1   .rodata1    
     STRING.SCV.4                              809A       4       4       1   .rodata1    
     STRING.SCG.5                              809E       4       4       1   .rodata1    
     STRING.OC.6                               80A2       3       3       1   .rodata1    
     STRING.UCT.7                              80A5       4       4       1   .rodata1    
     init                                      80A9      1C      28       1   .text       
     set_rpi_relay                             80C5      2E      46       4   .text       
     set_aero_relay                            80F3      2E      46       5   .text       
     update_system_state                       8121      90     144       2   .text       
     wait                                      81B1      37      55       2   .text       
     calc_uC_temp                              81E8      CC     204       3   .text       
     ipow                                      82B4      40      64      18   .text       
     max31855_thc_to_number                    82F4      CE     206       1   .text       
     max31855_ref_to_number                    83C2     19F     415       7   .text       
     max31855_temperature                      8561      C1     193       1   .text       
     get_uC_temp                               8622      28      40       1   .text       
     main                                      864A      3C      60       1   .text       
     _PUSH_ARGS_L                              8686      20      32       2   .text       
     _ENTER_UNARY_L                            86A6      29      41       1   .text       
     _ENTER_BINARY_L                           86CF      16      22       3   .text       
     _ENTER_BINARY_L_RC                        86E5      19      25       1   .text       
     _IDIVMOD                                  86FE      69     105       1   .text       
     _SPLITSIGN                                8767      1C      28       1   .text       
     _LADD_k_is_k_plus_j                       8783      1F      31       1   .text       
     _LSUB_k_is_k_minus_j                      87A2      1F      31       1   .text       
     _LAND_k_is_k_and_j                        87C1      1F      31       1   .text       
     _LOR_k_is_k_or_j                          87E0      1F      31       1   .text       
     _IMUL_STAR08                              87FF      27      39      10   .text       
     _IDIVS_STAR08                             8826      1B      27       2   .text       
     _ILSR                                     8841       C      12       4   .text       
     _LADD                                     884D       6       6       2   .text       
     _LSUB                                     8853       6       6       2   .text       
     _LAND_RC                                  8859       6       6       1   .text       
     _LOR                                      885F       6       6       3   .text       
     _LLSL                                     8865      16      22       3   .text       
     _COPY                                     887B      30      48       1   .text       
     _POP32                                    88AB      1A      26       3   .text       
     _SEXT16_32                                88C5       D      13       2   .text       
     _Search_Table_8_Offset                    88D2      25      37       1   .text       
     init_ports                                88F7      5F      95       1   .text       
     init_bus_speed                            8956      25      37       1   .text       
     init_global_vars                          897B      15      21       1   .text       
     init_SCI                                  8990       B      11       1   .text       
     SCI_send_byte                             899B       A      10       7   .text       
     nibble2asc                                89A5       A      10       1   .text       
     printhexbyte                              89AF      10      16       2   .text       
     printhexword_negative                     89BF      16      22       2   .text       
     printhexword                              89D5       E      14       3   .text       
     prints                                    89E3      1A      26       6   .text       
     init_ADC                                  89FD      12      18       1   .text       
     ConvertATD                                8A0F       B      11       2   .text       
     adc_isr                                   8A1A      76     118       1   .text       
     init_SPI                                  8A90       B      11       1   .text       
     SPI_transcieve_byte                       8A9B      11      17       1   .text       
     SPI_read_MAX31855                         8AAC      A1     161       1   .text       
     init_TPM2                                 8B4D      1E      30       1   .text       
     init_TPM1                                 8B6B      1E      30       1   .text       
     tpm1_overflow_isr                         8B89      66     102       1   .text       
     tpm1_channel0_isr                         8BEF       5       5       1   .text       
     tpm1_channel1_isr                         8BF4       5       5       1   .text       
     tpm2_overflow_isr                         8BF9      24      36       1   .text       
     tpm2_channel0_isr                         8C1D       5       5       1   .text       
     tpm2_channel1_isr                         8C22       5       5       1   .text       
     _Vector_23                                FFD0       2       2       0   .abs_section_ffd0
     _Vector_14                                FFE2       2       2       0   .abs_section_ffe2
     _Vector_13                                FFE4       2       2       0   .abs_section_ffe4
     _Vector_12                                FFE6       2       2       0   .abs_section_ffe6
     _Vector_11                                FFE8       2       2       0   .abs_section_ffe8
     _Vector_6                                 FFF2       2       2       0   .abs_section_fff2
     _Vector_5                                 FFF4       2       2       0   .abs_section_fff4

*********************************************************************************************
UNUSED-OBJECTS SECTION
---------------------------------------------------------------------------------------------
NOT USED PROCEDURES
main.c.o:
  raw_key_pressed debounce_switch turn_fan_on 
RTSHC08.C.o (ansiis.lib):
  _PUSH_ARGS_D _ENTER_UNARY_L64 _ENTER_UNARY_L64_4 _ENTER_BINARY_L_LC 
  _ENTER_BINARY_L64 _ENTER_BINARY_L64_LC _ENTER_BINARY_L64_RC _k_is_k_plus_j_l 
  _k_is_k_plus_j_i _LXOR_k_is_k_xor_j _LMUL_k_is_k_mul_j _LDIVMOD _NEG_L_HX 
  _ABS_L_HX _SPLITSIGN_L _LMODU_k_is_k_mod_j _LDIVU_k_is_k_div_j 
  _LMODS_k_is_k_mod_j _LDIVS_k_is_k_div_j _LCMP_k_rel_j _CMP24_k_rel_j _BMULS 
  _BDIVS _BMODS _IDIVU_STAR08 _IMODS_STAR08 _IMODU_STAR08 _IDIVU_8 _IMODU_8 
  _IASR _ILSL _ICMP _LINC _LDEC _LNEG _LNOT _LADD_RC _LSUB_LC _LSUB_RC _LAND 
  _LOR_RC _LXOR _LXOR_RC _LMUL _LMUL_RC _LDIVS _LDIVS_LC _LDIVS_RC _LDIVU 
  _LDIVU_LC _LDIVU_RC _LMODS _LMODS_LC _LMODS_RC _LMODU _LMODU_LC _LMODU_RC 
  _LASR _LLSR _LCMP _LCMP_RC _PUSH_ARGS_24 _ENTER_BINARY_24_RC _ENTER_BINARY_24 
  _CMP24 _CMP24_RC _COPY_L _POP64 _STORE32 _STORE64 _SEXT8_32 _CALL_STAR08 
  _CALL_STAR08_FAR _Jump_Table_Addr _Jump_Table_Offset _Jump_Table_Header_Addr 
  _Jump_Table_Header_Offset _Search_Table_16_Addr _Search_Table_16_Offset 
  _Search_Table_8_Addr _PUSH_CC _POP_CC _CONV_FAR_TO_NEAR _CONV_FAR_TO_LINEAR 
  _CONV_LINEAR_TO_FAR 
sci.c.o:
  SCI_send_byte_signed printhexbyte_signed printhexword_signed printhex2word 
adc.c.o:
  read_adc 
spi.c.o:
  SPISendChar 
tpm.c.o:
  reset_tpm2 
NOT USED VARIABLES
main.c.o:
  State.1 
RTSHC08.C.o (ansiis.lib):
  _PowOfTwo_8 _PowOfTwo_16 _PowOfTwo_32 errno 
tpm.c.o:
  g_slow_start_flag tpm2_flag 

*********************************************************************************************
COPYDOWN SECTION
---------------------------------------------------------------------------------------------
------- ROM-ADDRESS: 0x8C27 ---- SIZE       2 ---
Filling bytes inserted
 0000

*********************************************************************************************
OBJECT-DEPENDENCIES SECTION
---------------------------------------------------------------------------------------------
Init                      USES _startupData loadByte 
_Startup                  USES __SEG_END_SSTACK Init main 
init                      USES init_bus_speed init_ports init_global_vars 
                                init_SCI init_ADC init_SPI init_TPM1 init_TPM2 
                                update_system_state 
set_rpi_relay             USES STATE _PTCD 
set_aero_relay            USES STATE _PTCD 
update_system_state       USES STATE _Search_Table_8_Offset _PTCD 
                                set_rpi_relay set_aero_relay _PTBD wait g_aero_hot_flag 
wait                      USES _SRS 
calc_uC_temp              USES ConvertATD average_temp average_bandgap 
                                calc_uC_temp supply_voltage reference_temp timeout m_slope 
                                temperature _IMUL_STAR08 _IDIVS_STAR08 
ipow                      USES _IMUL_STAR08 
max31855_thc_to_number    USES ipow _IMUL_STAR08 
max31855_ref_to_number    USES ipow _ILSR _IMUL_STAR08 max31855_ref_to_number 
max31855_temperature      USES SPI_read_MAX31855 _LAND_RC 
                                max31855_thc_to_number max31855_ref_to_number STRING.THC.2 prints 
                                printhexword_negative printhexword SCI_send_byte STRING.FTS.3 
                                STRING.SCV.4 STRING.SCG.5 STRING.OC.6 
get_uC_temp               USES calc_uC_temp uc_temp STRING.UCT.7 prints 
                                printhexword_negative printhexword SCI_send_byte 
main                      USES uc_temp thermocouple_temp timeout 
                                g_aero_hot_flag temperature_count init average_temp 
                                average_bandgap sum_temp sum_bandgap update_system_state _SRS 
_ENTER_BINARY_L           USES _PUSH_ARGS_L 
_ENTER_BINARY_L_RC        USES _PUSH_ARGS_L 
_SPLITSIGN                USES _IDIVMOD 
_IDIVS_STAR08             USES _SPLITSIGN 
_LADD                     USES _ENTER_BINARY_L _LADD_k_is_k_plus_j 
_LSUB                     USES _ENTER_BINARY_L _LSUB_k_is_k_minus_j 
_LAND_RC                  USES _ENTER_BINARY_L_RC _LAND_k_is_k_and_j 
_LOR                      USES _ENTER_BINARY_L _LOR_k_is_k_or_j 
_LLSL                     USES _ENTER_UNARY_L 
init_ports                USES _PTBDD _PTCDD _PTCPE _PTCD _PTADD _PTAD _PTAPE 
                                _PTBPE 
init_bus_speed            USES _ICSC1 _ICSC2 
init_global_vars          USES STATE 
init_SCI                  USES _SCIBD _SCIC1 _SCIC2 
SCI_send_byte             USES _SCIS1 _SCID 
printhexbyte              USES nibble2asc SCI_send_byte 
printhexword_negative     USES SCI_send_byte printhexword 
printhexword              USES printhexbyte 
prints                    USES SCI_send_byte 
init_ADC                  USES _SPMSC1 _ADCCFG _ADCSC2 _APCTL1 _APCTL2 _ADCSC1 
ConvertATD                USES _ADCSC1 _ADCSC2 _ADCR 
adc_isr                   USES _PTCD adc_seq.1 _ADCR sum_temp _LADD 
                                average_temp _SEXT16_32 _LSUB _POP32 _ADCSC1 sum_bandgap 
                                average_bandgap 
init_SPI                  USES _SPIC1 _SPIC2 _SPIBR _PTBD 
SPI_transcieve_byte       USES _SPIS _SPID 
SPI_read_MAX31855         USES _PTBD _LLSL _LOR _POP32 _COPY 
                                SPI_transcieve_byte 
init_TPM2                 USES _SOPT2 _TPM2SC _TPM2MOD _TPM2C0SC _TPM2C1SC 
                                _TPM2C0V _TPM2C1V 
init_TPM1                 USES _SOPT2 _TPM1SC _TPM1C0SC _TPM1C1SC _TPM1MOD 
                                _TPM1C0V _TPM1C1V 
tpm1_overflow_isr         USES _TPM1SC timeout thermocouple_temp STATE 
                                g_aero_hot_flag temperature_count max31855_temperature 
                                get_uC_temp uc_temp SCI_send_byte 
tpm1_channel0_isr         USES _TPM1C0SC 
tpm1_channel1_isr         USES _TPM1C1SC 
tpm2_overflow_isr         USES _TPM2SC timeout temperature _TPM2C0V _TPM2C1V 
tpm2_channel0_isr         USES _TPM2C0SC 
tpm2_channel1_isr         USES _TPM2C1SC 
_Vector_23                USES adc_isr 
_Vector_14                USES tpm2_overflow_isr 
_Vector_13                USES tpm2_channel1_isr 
_Vector_12                USES tpm2_channel0_isr 
_Vector_11                USES tpm1_overflow_isr 
_Vector_6                 USES tpm1_channel1_isr 
_Vector_5                 USES tpm1_channel0_isr 

*********************************************************************************************
DEPENDENCY TREE
*********************************************************************************************
 main and _Startup Group
 | 
 +- main                
 |  | 
 |  +- init                
 |  |  | 
 |  |  +- init_bus_speed      
 |  |  |    
 |  |  +- init_ports          
 |  |  |    
 |  |  +- init_global_vars    
 |  |  |    
 |  |  +- init_SCI            
 |  |  |    
 |  |  +- init_ADC            
 |  |  |    
 |  |  +- init_SPI            
 |  |  |    
 |  |  +- init_TPM1           
 |  |  |    
 |  |  +- init_TPM2           
 |  |  |    
 |  |  +- update_system_state 
 |  |     | 
 |  |     +- _Search_Table_8_Offset
 |  |     |    
 |  |     +- set_rpi_relay       
 |  |     |    
 |  |     +- set_aero_relay      
 |  |     |    
 |  |     +- wait                
 |  |          
 |  +- update_system_state  (see above)
 |     
 +- _Startup            
    | 
    +- Init                
    |  | 
    |  +- loadByte            
    |       
    +- main                 (see above)
       
 _Vector_23          
 | 
 +- adc_isr             
    | 
    +- _LADD               
    |  | 
    |  +- _ENTER_BINARY_L     
    |  |  | 
    |  |  +- _PUSH_ARGS_L        
    |  |       
    |  +- _LADD_k_is_k_plus_j 
    |       
    +- _SEXT16_32          
    |    
    +- _LSUB               
    |  | 
    |  +- _ENTER_BINARY_L      (see above)
    |  |  
    |  +- _LSUB_k_is_k_minus_j
    |       
    +- _POP32              
         
 _Vector_11          
 | 
 +- tpm1_overflow_isr   
    | 
    +- max31855_temperature
    |  | 
    |  +- SPI_read_MAX31855   
    |  |  | 
    |  |  +- _LLSL               
    |  |  |  | 
    |  |  |  +- _ENTER_UNARY_L      
    |  |  |       
    |  |  +- _LOR                
    |  |  |  | 
    |  |  |  +- _ENTER_BINARY_L      (see above)
    |  |  |  |  
    |  |  |  +- _LOR_k_is_k_or_j    
    |  |  |       
    |  |  +- _POP32               (see above)
    |  |  |  
    |  |  +- _COPY               
    |  |  |    
    |  |  +- SPI_transcieve_byte 
    |  |       
    |  +- _LAND_RC            
    |  |  | 
    |  |  +- _ENTER_BINARY_L_RC  
    |  |  |  | 
    |  |  |  +- _PUSH_ARGS_L         (see above)
    |  |  |     
    |  |  +- _LAND_k_is_k_and_j  
    |  |       
    |  +- max31855_thc_to_number
    |  |  | 
    |  |  +- ipow                
    |  |  |  | 
    |  |  |  +- _IMUL_STAR08        
    |  |  |       
    |  |  +- _IMUL_STAR08         (see above)
    |  |     
    |  +- max31855_ref_to_number
    |  |  | 
    |  |  +- ipow                 (see above)
    |  |  |  
    |  |  +- _ILSR               
    |  |  |    
    |  |  +- _IMUL_STAR08         (see above)
    |  |     
    |  +- prints              
    |  |  | 
    |  |  +- SCI_send_byte       
    |  |       
    |  +- printhexword_negative
    |  |  | 
    |  |  +- SCI_send_byte        (see above)
    |  |  |  
    |  |  +- printhexword        
    |  |     | 
    |  |     +- printhexbyte        
    |  |        | 
    |  |        +- nibble2asc          
    |  |        |    
    |  |        +- SCI_send_byte        (see above)
    |  |           
    |  +- printhexword         (see above)
    |  |  
    |  +- SCI_send_byte        (see above)
    |     
    +- get_uC_temp         
    |  | 
    |  +- calc_uC_temp        
    |  |  | 
    |  |  +- ConvertATD          
    |  |  |    
    |  |  +- _IMUL_STAR08         (see above)
    |  |  |  
    |  |  +- _IDIVS_STAR08       
    |  |     | 
    |  |     +- _SPLITSIGN          
    |  |        | 
    |  |        +- _IDIVMOD            
    |  |             
    |  +- prints               (see above)
    |  |  
    |  +- printhexword_negative (see above)
    |  |  
    |  +- printhexword         (see above)
    |  |  
    |  +- SCI_send_byte        (see above)
    |     
    +- SCI_send_byte        (see above)
       
 _Vector_5           
 | 
 +- tpm1_channel0_isr   
      
 _Vector_6           
 | 
 +- tpm1_channel1_isr   
      
 _Vector_14          
 | 
 +- tpm2_overflow_isr   
      
 _Vector_12          
 | 
 +- tpm2_channel0_isr   
      
 _Vector_13          
 | 
 +- tpm2_channel1_isr   
      
*********************************************************************************************
STATISTIC SECTION
---------------------------------------------------------------------------------------------

ExeFile:
--------
Number of blocks to be downloaded: 12
Total size of all blocks to be downloaded: 3129

